[0.756s] DEBUG:colcon:Command line arguments: ['/usr/bin/colcon', 'build', '--packages-select', 'robocat_behavior', 'robocat_bringup']
[0.756s] DEBUG:colcon:Parsed command line arguments: Namespace(log_base=None, log_level=None, verb_name='build', build_base='build', install_base='install', merge_install=False, symlink_install=False, test_result_base=None, continue_on_error=False, executor='parallel', parallel_workers=4, event_handlers=None, ignore_user_meta=False, metas=['./colcon.meta'], base_paths=['.'], packages_ignore=None, packages_ignore_regex=None, paths=None, packages_up_to=None, packages_up_to_regex=None, packages_above=None, packages_above_and_dependencies=None, packages_above_depth=None, packages_select_by_dep=None, packages_skip_by_dep=None, packages_skip_up_to=None, packages_select_build_failed=False, packages_skip_build_finished=False, packages_select_test_failures=False, packages_skip_test_passed=False, packages_select=['robocat_behavior', 'robocat_bringup'], packages_skip=None, packages_select_regex=None, packages_skip_regex=None, packages_start=None, packages_end=None, allow_overriding=[], cmake_args=None, cmake_target=None, cmake_target_skip_unavailable=False, cmake_clean_cache=False, cmake_clean_first=False, cmake_force_configure=False, ament_cmake_args=None, catkin_cmake_args=None, catkin_skip_building_tests=False, verb_parser=<colcon_defaults.argument_parser.defaults.DefaultArgumentsDecorator object at 0xffff7f641d60>, verb_extension=<colcon_core.verb.build.BuildVerb object at 0xffff7f7fa6c0>, main=<bound method BuildVerb.main of <colcon_core.verb.build.BuildVerb object at 0xffff7f7fa6c0>>)
[1.097s] Level 1:colcon.colcon_core.package_discovery:discover_packages(colcon_meta) check parameters
[1.097s] Level 1:colcon.colcon_core.package_discovery:discover_packages(recursive) check parameters
[1.097s] Level 1:colcon.colcon_core.package_discovery:discover_packages(ignore) check parameters
[1.098s] Level 1:colcon.colcon_core.package_discovery:discover_packages(path) check parameters
[1.098s] Level 1:colcon.colcon_core.package_discovery:discover_packages(colcon_meta) discover
[1.098s] Level 1:colcon.colcon_core.package_discovery:discover_packages(recursive) discover
[1.098s] INFO:colcon.colcon_core.package_discovery:Crawling recursively for packages in '/home/robocat-v2/robocat_ws/src/Robocat-ROS/robocat_hw/assets'
[1.099s] Level 1:colcon.colcon_core.package_identification:_identify(.) by extensions ['ignore', 'ignore_ament_install']
[1.099s] Level 1:colcon.colcon_core.package_identification:_identify(.) by extension 'ignore'
[1.100s] Level 1:colcon.colcon_core.package_identification:_identify(.) by extension 'ignore_ament_install'
[1.100s] Level 1:colcon.colcon_core.package_identification:_identify(.) by extensions ['colcon_pkg']
[1.100s] Level 1:colcon.colcon_core.package_identification:_identify(.) by extension 'colcon_pkg'
[1.100s] Level 1:colcon.colcon_core.package_identification:_identify(.) by extensions ['colcon_meta']
[1.100s] Level 1:colcon.colcon_core.package_identification:_identify(.) by extension 'colcon_meta'
[1.101s] Level 1:colcon.colcon_core.package_identification:_identify(.) by extensions ['ros']
[1.101s] Level 1:colcon.colcon_core.package_identification:_identify(.) by extension 'ros'
[1.257s] Level 1:colcon.colcon_core.package_identification:_identify(.) by extensions ['cmake', 'python']
[1.258s] Level 1:colcon.colcon_core.package_identification:_identify(.) by extension 'cmake'
[1.258s] Level 1:colcon.colcon_core.package_identification:_identify(.) by extension 'python'
[1.258s] Level 1:colcon.colcon_core.package_identification:_identify(.) by extensions ['python_setup_py']
[1.258s] Level 1:colcon.colcon_core.package_identification:_identify(.) by extension 'python_setup_py'
[1.259s] Level 1:colcon.colcon_core.package_identification:_identify(build) by extensions ['ignore', 'ignore_ament_install']
[1.259s] Level 1:colcon.colcon_core.package_identification:_identify(build) by extension 'ignore'
[1.259s] Level 1:colcon.colcon_core.package_identification:_identify(build) ignored
[1.260s] Level 1:colcon.colcon_core.package_identification:_identify(eyes_img) by extensions ['ignore', 'ignore_ament_install']
[1.260s] Level 1:colcon.colcon_core.package_identification:_identify(eyes_img) by extension 'ignore'
[1.260s] Level 1:colcon.colcon_core.package_identification:_identify(eyes_img) by extension 'ignore_ament_install'
[1.261s] Level 1:colcon.colcon_core.package_identification:_identify(eyes_img) by extensions ['colcon_pkg']
[1.261s] Level 1:colcon.colcon_core.package_identification:_identify(eyes_img) by extension 'colcon_pkg'
[1.261s] Level 1:colcon.colcon_core.package_identification:_identify(eyes_img) by extensions ['colcon_meta']
[1.261s] Level 1:colcon.colcon_core.package_identification:_identify(eyes_img) by extension 'colcon_meta'
[1.261s] Level 1:colcon.colcon_core.package_identification:_identify(eyes_img) by extensions ['ros']
[1.261s] Level 1:colcon.colcon_core.package_identification:_identify(eyes_img) by extension 'ros'
[1.262s] Level 1:colcon.colcon_core.package_identification:_identify(eyes_img) by extensions ['cmake', 'python']
[1.262s] Level 1:colcon.colcon_core.package_identification:_identify(eyes_img) by extension 'cmake'
[1.262s] Level 1:colcon.colcon_core.package_identification:_identify(eyes_img) by extension 'python'
[1.262s] Level 1:colcon.colcon_core.package_identification:_identify(eyes_img) by extensions ['python_setup_py']
[1.262s] Level 1:colcon.colcon_core.package_identification:_identify(eyes_img) by extension 'python_setup_py'
[1.263s] Level 1:colcon.colcon_core.package_identification:_identify(eyes_img/angry) by extensions ['ignore', 'ignore_ament_install']
[1.263s] Level 1:colcon.colcon_core.package_identification:_identify(eyes_img/angry) by extension 'ignore'
[1.264s] Level 1:colcon.colcon_core.package_identification:_identify(eyes_img/angry) by extension 'ignore_ament_install'
[1.264s] Level 1:colcon.colcon_core.package_identification:_identify(eyes_img/angry) by extensions ['colcon_pkg']
[1.264s] Level 1:colcon.colcon_core.package_identification:_identify(eyes_img/angry) by extension 'colcon_pkg'
[1.264s] Level 1:colcon.colcon_core.package_identification:_identify(eyes_img/angry) by extensions ['colcon_meta']
[1.264s] Level 1:colcon.colcon_core.package_identification:_identify(eyes_img/angry) by extension 'colcon_meta'
[1.264s] Level 1:colcon.colcon_core.package_identification:_identify(eyes_img/angry) by extensions ['ros']
[1.265s] Level 1:colcon.colcon_core.package_identification:_identify(eyes_img/angry) by extension 'ros'
[1.265s] Level 1:colcon.colcon_core.package_identification:_identify(eyes_img/angry) by extensions ['cmake', 'python']
[1.265s] Level 1:colcon.colcon_core.package_identification:_identify(eyes_img/angry) by extension 'cmake'
[1.265s] Level 1:colcon.colcon_core.package_identification:_identify(eyes_img/angry) by extension 'python'
[1.265s] Level 1:colcon.colcon_core.package_identification:_identify(eyes_img/angry) by extensions ['python_setup_py']
[1.266s] Level 1:colcon.colcon_core.package_identification:_identify(eyes_img/angry) by extension 'python_setup_py'
[1.266s] Level 1:colcon.colcon_core.package_identification:_identify(eyes_img/angry/left) by extensions ['ignore', 'ignore_ament_install']
[1.267s] Level 1:colcon.colcon_core.package_identification:_identify(eyes_img/angry/left) by extension 'ignore'
[1.267s] Level 1:colcon.colcon_core.package_identification:_identify(eyes_img/angry/left) by extension 'ignore_ament_install'
[1.267s] Level 1:colcon.colcon_core.package_identification:_identify(eyes_img/angry/left) by extensions ['colcon_pkg']
[1.267s] Level 1:colcon.colcon_core.package_identification:_identify(eyes_img/angry/left) by extension 'colcon_pkg'
[1.267s] Level 1:colcon.colcon_core.package_identification:_identify(eyes_img/angry/left) by extensions ['colcon_meta']
[1.268s] Level 1:colcon.colcon_core.package_identification:_identify(eyes_img/angry/left) by extension 'colcon_meta'
[1.268s] Level 1:colcon.colcon_core.package_identification:_identify(eyes_img/angry/left) by extensions ['ros']
[1.268s] Level 1:colcon.colcon_core.package_identification:_identify(eyes_img/angry/left) by extension 'ros'
[1.268s] Level 1:colcon.colcon_core.package_identification:_identify(eyes_img/angry/left) by extensions ['cmake', 'python']
[1.269s] Level 1:colcon.colcon_core.package_identification:_identify(eyes_img/angry/left) by extension 'cmake'
[1.269s] Level 1:colcon.colcon_core.package_identification:_identify(eyes_img/angry/left) by extension 'python'
[1.269s] Level 1:colcon.colcon_core.package_identification:_identify(eyes_img/angry/left) by extensions ['python_setup_py']
[1.269s] Level 1:colcon.colcon_core.package_identification:_identify(eyes_img/angry/left) by extension 'python_setup_py'
[1.270s] Level 1:colcon.colcon_core.package_identification:_identify(eyes_img/angry/right) by extensions ['ignore', 'ignore_ament_install']
[1.270s] Level 1:colcon.colcon_core.package_identification:_identify(eyes_img/angry/right) by extension 'ignore'
[1.270s] Level 1:colcon.colcon_core.package_identification:_identify(eyes_img/angry/right) by extension 'ignore_ament_install'
[1.271s] Level 1:colcon.colcon_core.package_identification:_identify(eyes_img/angry/right) by extensions ['colcon_pkg']
[1.271s] Level 1:colcon.colcon_core.package_identification:_identify(eyes_img/angry/right) by extension 'colcon_pkg'
[1.271s] Level 1:colcon.colcon_core.package_identification:_identify(eyes_img/angry/right) by extensions ['colcon_meta']
[1.271s] Level 1:colcon.colcon_core.package_identification:_identify(eyes_img/angry/right) by extension 'colcon_meta'
[1.271s] Level 1:colcon.colcon_core.package_identification:_identify(eyes_img/angry/right) by extensions ['ros']
[1.271s] Level 1:colcon.colcon_core.package_identification:_identify(eyes_img/angry/right) by extension 'ros'
[1.272s] Level 1:colcon.colcon_core.package_identification:_identify(eyes_img/angry/right) by extensions ['cmake', 'python']
[1.272s] Level 1:colcon.colcon_core.package_identification:_identify(eyes_img/angry/right) by extension 'cmake'
[1.272s] Level 1:colcon.colcon_core.package_identification:_identify(eyes_img/angry/right) by extension 'python'
[1.272s] Level 1:colcon.colcon_core.package_identification:_identify(eyes_img/angry/right) by extensions ['python_setup_py']
[1.272s] Level 1:colcon.colcon_core.package_identification:_identify(eyes_img/angry/right) by extension 'python_setup_py'
[1.273s] Level 1:colcon.colcon_core.package_identification:_identify(eyes_img/city) by extensions ['ignore', 'ignore_ament_install']
[1.273s] Level 1:colcon.colcon_core.package_identification:_identify(eyes_img/city) by extension 'ignore'
[1.273s] Level 1:colcon.colcon_core.package_identification:_identify(eyes_img/city) by extension 'ignore_ament_install'
[1.273s] Level 1:colcon.colcon_core.package_identification:_identify(eyes_img/city) by extensions ['colcon_pkg']
[1.273s] Level 1:colcon.colcon_core.package_identification:_identify(eyes_img/city) by extension 'colcon_pkg'
[1.274s] Level 1:colcon.colcon_core.package_identification:_identify(eyes_img/city) by extensions ['colcon_meta']
[1.274s] Level 1:colcon.colcon_core.package_identification:_identify(eyes_img/city) by extension 'colcon_meta'
[1.274s] Level 1:colcon.colcon_core.package_identification:_identify(eyes_img/city) by extensions ['ros']
[1.274s] Level 1:colcon.colcon_core.package_identification:_identify(eyes_img/city) by extension 'ros'
[1.274s] Level 1:colcon.colcon_core.package_identification:_identify(eyes_img/city) by extensions ['cmake', 'python']
[1.275s] Level 1:colcon.colcon_core.package_identification:_identify(eyes_img/city) by extension 'cmake'
[1.275s] Level 1:colcon.colcon_core.package_identification:_identify(eyes_img/city) by extension 'python'
[1.275s] Level 1:colcon.colcon_core.package_identification:_identify(eyes_img/city) by extensions ['python_setup_py']
[1.275s] Level 1:colcon.colcon_core.package_identification:_identify(eyes_img/city) by extension 'python_setup_py'
[1.275s] Level 1:colcon.colcon_core.package_identification:_identify(eyes_img/city/left) by extensions ['ignore', 'ignore_ament_install']
[1.276s] Level 1:colcon.colcon_core.package_identification:_identify(eyes_img/city/left) by extension 'ignore'
[1.276s] Level 1:colcon.colcon_core.package_identification:_identify(eyes_img/city/left) by extension 'ignore_ament_install'
[1.276s] Level 1:colcon.colcon_core.package_identification:_identify(eyes_img/city/left) by extensions ['colcon_pkg']
[1.276s] Level 1:colcon.colcon_core.package_identification:_identify(eyes_img/city/left) by extension 'colcon_pkg'
[1.276s] Level 1:colcon.colcon_core.package_identification:_identify(eyes_img/city/left) by extensions ['colcon_meta']
[1.277s] Level 1:colcon.colcon_core.package_identification:_identify(eyes_img/city/left) by extension 'colcon_meta'
[1.277s] Level 1:colcon.colcon_core.package_identification:_identify(eyes_img/city/left) by extensions ['ros']
[1.277s] Level 1:colcon.colcon_core.package_identification:_identify(eyes_img/city/left) by extension 'ros'
[1.277s] Level 1:colcon.colcon_core.package_identification:_identify(eyes_img/city/left) by extensions ['cmake', 'python']
[1.277s] Level 1:colcon.colcon_core.package_identification:_identify(eyes_img/city/left) by extension 'cmake'
[1.278s] Level 1:colcon.colcon_core.package_identification:_identify(eyes_img/city/left) by extension 'python'
[1.278s] Level 1:colcon.colcon_core.package_identification:_identify(eyes_img/city/left) by extensions ['python_setup_py']
[1.278s] Level 1:colcon.colcon_core.package_identification:_identify(eyes_img/city/left) by extension 'python_setup_py'
[1.278s] Level 1:colcon.colcon_core.package_identification:_identify(eyes_img/city/right) by extensions ['ignore', 'ignore_ament_install']
[1.279s] Level 1:colcon.colcon_core.package_identification:_identify(eyes_img/city/right) by extension 'ignore'
[1.279s] Level 1:colcon.colcon_core.package_identification:_identify(eyes_img/city/right) by extension 'ignore_ament_install'
[1.279s] Level 1:colcon.colcon_core.package_identification:_identify(eyes_img/city/right) by extensions ['colcon_pkg']
[1.279s] Level 1:colcon.colcon_core.package_identification:_identify(eyes_img/city/right) by extension 'colcon_pkg'
[1.280s] Level 1:colcon.colcon_core.package_identification:_identify(eyes_img/city/right) by extensions ['colcon_meta']
[1.280s] Level 1:colcon.colcon_core.package_identification:_identify(eyes_img/city/right) by extension 'colcon_meta'
[1.280s] Level 1:colcon.colcon_core.package_identification:_identify(eyes_img/city/right) by extensions ['ros']
[1.280s] Level 1:colcon.colcon_core.package_identification:_identify(eyes_img/city/right) by extension 'ros'
[1.281s] Level 1:colcon.colcon_core.package_identification:_identify(eyes_img/city/right) by extensions ['cmake', 'python']
[1.281s] Level 1:colcon.colcon_core.package_identification:_identify(eyes_img/city/right) by extension 'cmake'
[1.281s] Level 1:colcon.colcon_core.package_identification:_identify(eyes_img/city/right) by extension 'python'
[1.281s] Level 1:colcon.colcon_core.package_identification:_identify(eyes_img/city/right) by extensions ['python_setup_py']
[1.281s] Level 1:colcon.colcon_core.package_identification:_identify(eyes_img/city/right) by extension 'python_setup_py'
[1.282s] Level 1:colcon.colcon_core.package_identification:_identify(eyes_img/default) by extensions ['ignore', 'ignore_ament_install']
[1.282s] Level 1:colcon.colcon_core.package_identification:_identify(eyes_img/default) by extension 'ignore'
[1.282s] Level 1:colcon.colcon_core.package_identification:_identify(eyes_img/default) by extension 'ignore_ament_install'
[1.283s] Level 1:colcon.colcon_core.package_identification:_identify(eyes_img/default) by extensions ['colcon_pkg']
[1.283s] Level 1:colcon.colcon_core.package_identification:_identify(eyes_img/default) by extension 'colcon_pkg'
[1.283s] Level 1:colcon.colcon_core.package_identification:_identify(eyes_img/default) by extensions ['colcon_meta']
[1.283s] Level 1:colcon.colcon_core.package_identification:_identify(eyes_img/default) by extension 'colcon_meta'
[1.283s] Level 1:colcon.colcon_core.package_identification:_identify(eyes_img/default) by extensions ['ros']
[1.284s] Level 1:colcon.colcon_core.package_identification:_identify(eyes_img/default) by extension 'ros'
[1.284s] Level 1:colcon.colcon_core.package_identification:_identify(eyes_img/default) by extensions ['cmake', 'python']
[1.284s] Level 1:colcon.colcon_core.package_identification:_identify(eyes_img/default) by extension 'cmake'
[1.284s] Level 1:colcon.colcon_core.package_identification:_identify(eyes_img/default) by extension 'python'
[1.285s] Level 1:colcon.colcon_core.package_identification:_identify(eyes_img/default) by extensions ['python_setup_py']
[1.285s] Level 1:colcon.colcon_core.package_identification:_identify(eyes_img/default) by extension 'python_setup_py'
[1.285s] Level 1:colcon.colcon_core.package_identification:_identify(eyes_img/default/left) by extensions ['ignore', 'ignore_ament_install']
[1.286s] Level 1:colcon.colcon_core.package_identification:_identify(eyes_img/default/left) by extension 'ignore'
[1.286s] Level 1:colcon.colcon_core.package_identification:_identify(eyes_img/default/left) by extension 'ignore_ament_install'
[1.286s] Level 1:colcon.colcon_core.package_identification:_identify(eyes_img/default/left) by extensions ['colcon_pkg']
[1.286s] Level 1:colcon.colcon_core.package_identification:_identify(eyes_img/default/left) by extension 'colcon_pkg'
[1.287s] Level 1:colcon.colcon_core.package_identification:_identify(eyes_img/default/left) by extensions ['colcon_meta']
[1.287s] Level 1:colcon.colcon_core.package_identification:_identify(eyes_img/default/left) by extension 'colcon_meta'
[1.287s] Level 1:colcon.colcon_core.package_identification:_identify(eyes_img/default/left) by extensions ['ros']
[1.287s] Level 1:colcon.colcon_core.package_identification:_identify(eyes_img/default/left) by extension 'ros'
[1.287s] Level 1:colcon.colcon_core.package_identification:_identify(eyes_img/default/left) by extensions ['cmake', 'python']
[1.288s] Level 1:colcon.colcon_core.package_identification:_identify(eyes_img/default/left) by extension 'cmake'
[1.288s] Level 1:colcon.colcon_core.package_identification:_identify(eyes_img/default/left) by extension 'python'
[1.288s] Level 1:colcon.colcon_core.package_identification:_identify(eyes_img/default/left) by extensions ['python_setup_py']
[1.288s] Level 1:colcon.colcon_core.package_identification:_identify(eyes_img/default/left) by extension 'python_setup_py'
[1.289s] Level 1:colcon.colcon_core.package_identification:_identify(eyes_img/default/right) by extensions ['ignore', 'ignore_ament_install']
[1.289s] Level 1:colcon.colcon_core.package_identification:_identify(eyes_img/default/right) by extension 'ignore'
[1.289s] Level 1:colcon.colcon_core.package_identification:_identify(eyes_img/default/right) by extension 'ignore_ament_install'
[1.290s] Level 1:colcon.colcon_core.package_identification:_identify(eyes_img/default/right) by extensions ['colcon_pkg']
[1.290s] Level 1:colcon.colcon_core.package_identification:_identify(eyes_img/default/right) by extension 'colcon_pkg'
[1.290s] Level 1:colcon.colcon_core.package_identification:_identify(eyes_img/default/right) by extensions ['colcon_meta']
[1.290s] Level 1:colcon.colcon_core.package_identification:_identify(eyes_img/default/right) by extension 'colcon_meta'
[1.290s] Level 1:colcon.colcon_core.package_identification:_identify(eyes_img/default/right) by extensions ['ros']
[1.290s] Level 1:colcon.colcon_core.package_identification:_identify(eyes_img/default/right) by extension 'ros'
[1.291s] Level 1:colcon.colcon_core.package_identification:_identify(eyes_img/default/right) by extensions ['cmake', 'python']
[1.291s] Level 1:colcon.colcon_core.package_identification:_identify(eyes_img/default/right) by extension 'cmake'
[1.291s] Level 1:colcon.colcon_core.package_identification:_identify(eyes_img/default/right) by extension 'python'
[1.291s] Level 1:colcon.colcon_core.package_identification:_identify(eyes_img/default/right) by extensions ['python_setup_py']
[1.292s] Level 1:colcon.colcon_core.package_identification:_identify(eyes_img/default/right) by extension 'python_setup_py'
[1.292s] Level 1:colcon.colcon_core.package_identification:_identify(eyes_img/disgusted) by extensions ['ignore', 'ignore_ament_install']
[1.292s] Level 1:colcon.colcon_core.package_identification:_identify(eyes_img/disgusted) by extension 'ignore'
[1.293s] Level 1:colcon.colcon_core.package_identification:_identify(eyes_img/disgusted) by extension 'ignore_ament_install'
[1.293s] Level 1:colcon.colcon_core.package_identification:_identify(eyes_img/disgusted) by extensions ['colcon_pkg']
[1.293s] Level 1:colcon.colcon_core.package_identification:_identify(eyes_img/disgusted) by extension 'colcon_pkg'
[1.293s] Level 1:colcon.colcon_core.package_identification:_identify(eyes_img/disgusted) by extensions ['colcon_meta']
[1.293s] Level 1:colcon.colcon_core.package_identification:_identify(eyes_img/disgusted) by extension 'colcon_meta'
[1.294s] Level 1:colcon.colcon_core.package_identification:_identify(eyes_img/disgusted) by extensions ['ros']
[1.294s] Level 1:colcon.colcon_core.package_identification:_identify(eyes_img/disgusted) by extension 'ros'
[1.294s] Level 1:colcon.colcon_core.package_identification:_identify(eyes_img/disgusted) by extensions ['cmake', 'python']
[1.294s] Level 1:colcon.colcon_core.package_identification:_identify(eyes_img/disgusted) by extension 'cmake'
[1.294s] Level 1:colcon.colcon_core.package_identification:_identify(eyes_img/disgusted) by extension 'python'
[1.295s] Level 1:colcon.colcon_core.package_identification:_identify(eyes_img/disgusted) by extensions ['python_setup_py']
[1.295s] Level 1:colcon.colcon_core.package_identification:_identify(eyes_img/disgusted) by extension 'python_setup_py'
[1.295s] Level 1:colcon.colcon_core.package_identification:_identify(eyes_img/disgusted/left) by extensions ['ignore', 'ignore_ament_install']
[1.296s] Level 1:colcon.colcon_core.package_identification:_identify(eyes_img/disgusted/left) by extension 'ignore'
[1.296s] Level 1:colcon.colcon_core.package_identification:_identify(eyes_img/disgusted/left) by extension 'ignore_ament_install'
[1.296s] Level 1:colcon.colcon_core.package_identification:_identify(eyes_img/disgusted/left) by extensions ['colcon_pkg']
[1.296s] Level 1:colcon.colcon_core.package_identification:_identify(eyes_img/disgusted/left) by extension 'colcon_pkg'
[1.297s] Level 1:colcon.colcon_core.package_identification:_identify(eyes_img/disgusted/left) by extensions ['colcon_meta']
[1.297s] Level 1:colcon.colcon_core.package_identification:_identify(eyes_img/disgusted/left) by extension 'colcon_meta'
[1.297s] Level 1:colcon.colcon_core.package_identification:_identify(eyes_img/disgusted/left) by extensions ['ros']
[1.297s] Level 1:colcon.colcon_core.package_identification:_identify(eyes_img/disgusted/left) by extension 'ros'
[1.298s] Level 1:colcon.colcon_core.package_identification:_identify(eyes_img/disgusted/left) by extensions ['cmake', 'python']
[1.298s] Level 1:colcon.colcon_core.package_identification:_identify(eyes_img/disgusted/left) by extension 'cmake'
[1.298s] Level 1:colcon.colcon_core.package_identification:_identify(eyes_img/disgusted/left) by extension 'python'
[1.299s] Level 1:colcon.colcon_core.package_identification:_identify(eyes_img/disgusted/left) by extensions ['python_setup_py']
[1.299s] Level 1:colcon.colcon_core.package_identification:_identify(eyes_img/disgusted/left) by extension 'python_setup_py'
[1.299s] Level 1:colcon.colcon_core.package_identification:_identify(eyes_img/disgusted/right) by extensions ['ignore', 'ignore_ament_install']
[1.300s] Level 1:colcon.colcon_core.package_identification:_identify(eyes_img/disgusted/right) by extension 'ignore'
[1.300s] Level 1:colcon.colcon_core.package_identification:_identify(eyes_img/disgusted/right) by extension 'ignore_ament_install'
[1.301s] Level 1:colcon.colcon_core.package_identification:_identify(eyes_img/disgusted/right) by extensions ['colcon_pkg']
[1.301s] Level 1:colcon.colcon_core.package_identification:_identify(eyes_img/disgusted/right) by extension 'colcon_pkg'
[1.301s] Level 1:colcon.colcon_core.package_identification:_identify(eyes_img/disgusted/right) by extensions ['colcon_meta']
[1.301s] Level 1:colcon.colcon_core.package_identification:_identify(eyes_img/disgusted/right) by extension 'colcon_meta'
[1.301s] Level 1:colcon.colcon_core.package_identification:_identify(eyes_img/disgusted/right) by extensions ['ros']
[1.302s] Level 1:colcon.colcon_core.package_identification:_identify(eyes_img/disgusted/right) by extension 'ros'
[1.302s] Level 1:colcon.colcon_core.package_identification:_identify(eyes_img/disgusted/right) by extensions ['cmake', 'python']
[1.302s] Level 1:colcon.colcon_core.package_identification:_identify(eyes_img/disgusted/right) by extension 'cmake'
[1.303s] Level 1:colcon.colcon_core.package_identification:_identify(eyes_img/disgusted/right) by extension 'python'
[1.303s] Level 1:colcon.colcon_core.package_identification:_identify(eyes_img/disgusted/right) by extensions ['python_setup_py']
[1.303s] Level 1:colcon.colcon_core.package_identification:_identify(eyes_img/disgusted/right) by extension 'python_setup_py'
[1.303s] Level 1:colcon.colcon_core.package_identification:_identify(eyes_img/happy) by extensions ['ignore', 'ignore_ament_install']
[1.304s] Level 1:colcon.colcon_core.package_identification:_identify(eyes_img/happy) by extension 'ignore'
[1.304s] Level 1:colcon.colcon_core.package_identification:_identify(eyes_img/happy) by extension 'ignore_ament_install'
[1.305s] Level 1:colcon.colcon_core.package_identification:_identify(eyes_img/happy) by extensions ['colcon_pkg']
[1.305s] Level 1:colcon.colcon_core.package_identification:_identify(eyes_img/happy) by extension 'colcon_pkg'
[1.305s] Level 1:colcon.colcon_core.package_identification:_identify(eyes_img/happy) by extensions ['colcon_meta']
[1.305s] Level 1:colcon.colcon_core.package_identification:_identify(eyes_img/happy) by extension 'colcon_meta'
[1.305s] Level 1:colcon.colcon_core.package_identification:_identify(eyes_img/happy) by extensions ['ros']
[1.305s] Level 1:colcon.colcon_core.package_identification:_identify(eyes_img/happy) by extension 'ros'
[1.306s] Level 1:colcon.colcon_core.package_identification:_identify(eyes_img/happy) by extensions ['cmake', 'python']
[1.306s] Level 1:colcon.colcon_core.package_identification:_identify(eyes_img/happy) by extension 'cmake'
[1.307s] Level 1:colcon.colcon_core.package_identification:_identify(eyes_img/happy) by extension 'python'
[1.307s] Level 1:colcon.colcon_core.package_identification:_identify(eyes_img/happy) by extensions ['python_setup_py']
[1.307s] Level 1:colcon.colcon_core.package_identification:_identify(eyes_img/happy) by extension 'python_setup_py'
[1.308s] Level 1:colcon.colcon_core.package_identification:_identify(eyes_img/happy/left) by extensions ['ignore', 'ignore_ament_install']
[1.309s] Level 1:colcon.colcon_core.package_identification:_identify(eyes_img/happy/left) by extension 'ignore'
[1.310s] Level 1:colcon.colcon_core.package_identification:_identify(eyes_img/happy/left) by extension 'ignore_ament_install'
[1.310s] Level 1:colcon.colcon_core.package_identification:_identify(eyes_img/happy/left) by extensions ['colcon_pkg']
[1.310s] Level 1:colcon.colcon_core.package_identification:_identify(eyes_img/happy/left) by extension 'colcon_pkg'
[1.311s] Level 1:colcon.colcon_core.package_identification:_identify(eyes_img/happy/left) by extensions ['colcon_meta']
[1.311s] Level 1:colcon.colcon_core.package_identification:_identify(eyes_img/happy/left) by extension 'colcon_meta'
[1.311s] Level 1:colcon.colcon_core.package_identification:_identify(eyes_img/happy/left) by extensions ['ros']
[1.311s] Level 1:colcon.colcon_core.package_identification:_identify(eyes_img/happy/left) by extension 'ros'
[1.312s] Level 1:colcon.colcon_core.package_identification:_identify(eyes_img/happy/left) by extensions ['cmake', 'python']
[1.312s] Level 1:colcon.colcon_core.package_identification:_identify(eyes_img/happy/left) by extension 'cmake'
[1.312s] Level 1:colcon.colcon_core.package_identification:_identify(eyes_img/happy/left) by extension 'python'
[1.313s] Level 1:colcon.colcon_core.package_identification:_identify(eyes_img/happy/left) by extensions ['python_setup_py']
[1.313s] Level 1:colcon.colcon_core.package_identification:_identify(eyes_img/happy/left) by extension 'python_setup_py'
[1.314s] Level 1:colcon.colcon_core.package_identification:_identify(eyes_img/happy/right) by extensions ['ignore', 'ignore_ament_install']
[1.314s] Level 1:colcon.colcon_core.package_identification:_identify(eyes_img/happy/right) by extension 'ignore'
[1.315s] Level 1:colcon.colcon_core.package_identification:_identify(eyes_img/happy/right) by extension 'ignore_ament_install'
[1.316s] Level 1:colcon.colcon_core.package_identification:_identify(eyes_img/happy/right) by extensions ['colcon_pkg']
[1.316s] Level 1:colcon.colcon_core.package_identification:_identify(eyes_img/happy/right) by extension 'colcon_pkg'
[1.316s] Level 1:colcon.colcon_core.package_identification:_identify(eyes_img/happy/right) by extensions ['colcon_meta']
[1.316s] Level 1:colcon.colcon_core.package_identification:_identify(eyes_img/happy/right) by extension 'colcon_meta'
[1.316s] Level 1:colcon.colcon_core.package_identification:_identify(eyes_img/happy/right) by extensions ['ros']
[1.316s] Level 1:colcon.colcon_core.package_identification:_identify(eyes_img/happy/right) by extension 'ros'
[1.317s] Level 1:colcon.colcon_core.package_identification:_identify(eyes_img/happy/right) by extensions ['cmake', 'python']
[1.317s] Level 1:colcon.colcon_core.package_identification:_identify(eyes_img/happy/right) by extension 'cmake'
[1.317s] Level 1:colcon.colcon_core.package_identification:_identify(eyes_img/happy/right) by extension 'python'
[1.317s] Level 1:colcon.colcon_core.package_identification:_identify(eyes_img/happy/right) by extensions ['python_setup_py']
[1.317s] Level 1:colcon.colcon_core.package_identification:_identify(eyes_img/happy/right) by extension 'python_setup_py'
[1.318s] Level 1:colcon.colcon_core.package_identification:_identify(eyes_img/patrol) by extensions ['ignore', 'ignore_ament_install']
[1.318s] Level 1:colcon.colcon_core.package_identification:_identify(eyes_img/patrol) by extension 'ignore'
[1.318s] Level 1:colcon.colcon_core.package_identification:_identify(eyes_img/patrol) by extension 'ignore_ament_install'
[1.319s] Level 1:colcon.colcon_core.package_identification:_identify(eyes_img/patrol) by extensions ['colcon_pkg']
[1.319s] Level 1:colcon.colcon_core.package_identification:_identify(eyes_img/patrol) by extension 'colcon_pkg'
[1.319s] Level 1:colcon.colcon_core.package_identification:_identify(eyes_img/patrol) by extensions ['colcon_meta']
[1.319s] Level 1:colcon.colcon_core.package_identification:_identify(eyes_img/patrol) by extension 'colcon_meta'
[1.319s] Level 1:colcon.colcon_core.package_identification:_identify(eyes_img/patrol) by extensions ['ros']
[1.319s] Level 1:colcon.colcon_core.package_identification:_identify(eyes_img/patrol) by extension 'ros'
[1.320s] Level 1:colcon.colcon_core.package_identification:_identify(eyes_img/patrol) by extensions ['cmake', 'python']
[1.320s] Level 1:colcon.colcon_core.package_identification:_identify(eyes_img/patrol) by extension 'cmake'
[1.320s] Level 1:colcon.colcon_core.package_identification:_identify(eyes_img/patrol) by extension 'python'
[1.320s] Level 1:colcon.colcon_core.package_identification:_identify(eyes_img/patrol) by extensions ['python_setup_py']
[1.320s] Level 1:colcon.colcon_core.package_identification:_identify(eyes_img/patrol) by extension 'python_setup_py'
[1.321s] Level 1:colcon.colcon_core.package_identification:_identify(eyes_img/patrol/left) by extensions ['ignore', 'ignore_ament_install']
[1.321s] Level 1:colcon.colcon_core.package_identification:_identify(eyes_img/patrol/left) by extension 'ignore'
[1.321s] Level 1:colcon.colcon_core.package_identification:_identify(eyes_img/patrol/left) by extension 'ignore_ament_install'
[1.322s] Level 1:colcon.colcon_core.package_identification:_identify(eyes_img/patrol/left) by extensions ['colcon_pkg']
[1.322s] Level 1:colcon.colcon_core.package_identification:_identify(eyes_img/patrol/left) by extension 'colcon_pkg'
[1.322s] Level 1:colcon.colcon_core.package_identification:_identify(eyes_img/patrol/left) by extensions ['colcon_meta']
[1.322s] Level 1:colcon.colcon_core.package_identification:_identify(eyes_img/patrol/left) by extension 'colcon_meta'
[1.322s] Level 1:colcon.colcon_core.package_identification:_identify(eyes_img/patrol/left) by extensions ['ros']
[1.322s] Level 1:colcon.colcon_core.package_identification:_identify(eyes_img/patrol/left) by extension 'ros'
[1.323s] Level 1:colcon.colcon_core.package_identification:_identify(eyes_img/patrol/left) by extensions ['cmake', 'python']
[1.323s] Level 1:colcon.colcon_core.package_identification:_identify(eyes_img/patrol/left) by extension 'cmake'
[1.323s] Level 1:colcon.colcon_core.package_identification:_identify(eyes_img/patrol/left) by extension 'python'
[1.323s] Level 1:colcon.colcon_core.package_identification:_identify(eyes_img/patrol/left) by extensions ['python_setup_py']
[1.323s] Level 1:colcon.colcon_core.package_identification:_identify(eyes_img/patrol/left) by extension 'python_setup_py'
[1.324s] Level 1:colcon.colcon_core.package_identification:_identify(eyes_img/patrol/right) by extensions ['ignore', 'ignore_ament_install']
[1.324s] Level 1:colcon.colcon_core.package_identification:_identify(eyes_img/patrol/right) by extension 'ignore'
[1.325s] Level 1:colcon.colcon_core.package_identification:_identify(eyes_img/patrol/right) by extension 'ignore_ament_install'
[1.325s] Level 1:colcon.colcon_core.package_identification:_identify(eyes_img/patrol/right) by extensions ['colcon_pkg']
[1.325s] Level 1:colcon.colcon_core.package_identification:_identify(eyes_img/patrol/right) by extension 'colcon_pkg'
[1.325s] Level 1:colcon.colcon_core.package_identification:_identify(eyes_img/patrol/right) by extensions ['colcon_meta']
[1.325s] Level 1:colcon.colcon_core.package_identification:_identify(eyes_img/patrol/right) by extension 'colcon_meta'
[1.325s] Level 1:colcon.colcon_core.package_identification:_identify(eyes_img/patrol/right) by extensions ['ros']
[1.326s] Level 1:colcon.colcon_core.package_identification:_identify(eyes_img/patrol/right) by extension 'ros'
[1.326s] Level 1:colcon.colcon_core.package_identification:_identify(eyes_img/patrol/right) by extensions ['cmake', 'python']
[1.326s] Level 1:colcon.colcon_core.package_identification:_identify(eyes_img/patrol/right) by extension 'cmake'
[1.326s] Level 1:colcon.colcon_core.package_identification:_identify(eyes_img/patrol/right) by extension 'python'
[1.326s] Level 1:colcon.colcon_core.package_identification:_identify(eyes_img/patrol/right) by extensions ['python_setup_py']
[1.326s] Level 1:colcon.colcon_core.package_identification:_identify(eyes_img/patrol/right) by extension 'python_setup_py'
[1.327s] Level 1:colcon.colcon_core.package_identification:_identify(eyes_img/sad) by extensions ['ignore', 'ignore_ament_install']
[1.327s] Level 1:colcon.colcon_core.package_identification:_identify(eyes_img/sad) by extension 'ignore'
[1.327s] Level 1:colcon.colcon_core.package_identification:_identify(eyes_img/sad) by extension 'ignore_ament_install'
[1.328s] Level 1:colcon.colcon_core.package_identification:_identify(eyes_img/sad) by extensions ['colcon_pkg']
[1.328s] Level 1:colcon.colcon_core.package_identification:_identify(eyes_img/sad) by extension 'colcon_pkg'
[1.328s] Level 1:colcon.colcon_core.package_identification:_identify(eyes_img/sad) by extensions ['colcon_meta']
[1.328s] Level 1:colcon.colcon_core.package_identification:_identify(eyes_img/sad) by extension 'colcon_meta'
[1.328s] Level 1:colcon.colcon_core.package_identification:_identify(eyes_img/sad) by extensions ['ros']
[1.328s] Level 1:colcon.colcon_core.package_identification:_identify(eyes_img/sad) by extension 'ros'
[1.329s] Level 1:colcon.colcon_core.package_identification:_identify(eyes_img/sad) by extensions ['cmake', 'python']
[1.329s] Level 1:colcon.colcon_core.package_identification:_identify(eyes_img/sad) by extension 'cmake'
[1.329s] Level 1:colcon.colcon_core.package_identification:_identify(eyes_img/sad) by extension 'python'
[1.329s] Level 1:colcon.colcon_core.package_identification:_identify(eyes_img/sad) by extensions ['python_setup_py']
[1.329s] Level 1:colcon.colcon_core.package_identification:_identify(eyes_img/sad) by extension 'python_setup_py'
[1.330s] Level 1:colcon.colcon_core.package_identification:_identify(eyes_img/sad/left) by extensions ['ignore', 'ignore_ament_install']
[1.331s] Level 1:colcon.colcon_core.package_identification:_identify(eyes_img/sad/left) by extension 'ignore'
[1.331s] Level 1:colcon.colcon_core.package_identification:_identify(eyes_img/sad/left) by extension 'ignore_ament_install'
[1.331s] Level 1:colcon.colcon_core.package_identification:_identify(eyes_img/sad/left) by extensions ['colcon_pkg']
[1.331s] Level 1:colcon.colcon_core.package_identification:_identify(eyes_img/sad/left) by extension 'colcon_pkg'
[1.331s] Level 1:colcon.colcon_core.package_identification:_identify(eyes_img/sad/left) by extensions ['colcon_meta']
[1.332s] Level 1:colcon.colcon_core.package_identification:_identify(eyes_img/sad/left) by extension 'colcon_meta'
[1.332s] Level 1:colcon.colcon_core.package_identification:_identify(eyes_img/sad/left) by extensions ['ros']
[1.332s] Level 1:colcon.colcon_core.package_identification:_identify(eyes_img/sad/left) by extension 'ros'
[1.332s] Level 1:colcon.colcon_core.package_identification:_identify(eyes_img/sad/left) by extensions ['cmake', 'python']
[1.332s] Level 1:colcon.colcon_core.package_identification:_identify(eyes_img/sad/left) by extension 'cmake'
[1.333s] Level 1:colcon.colcon_core.package_identification:_identify(eyes_img/sad/left) by extension 'python'
[1.333s] Level 1:colcon.colcon_core.package_identification:_identify(eyes_img/sad/left) by extensions ['python_setup_py']
[1.333s] Level 1:colcon.colcon_core.package_identification:_identify(eyes_img/sad/left) by extension 'python_setup_py'
[1.334s] Level 1:colcon.colcon_core.package_identification:_identify(eyes_img/sad/right) by extensions ['ignore', 'ignore_ament_install']
[1.334s] Level 1:colcon.colcon_core.package_identification:_identify(eyes_img/sad/right) by extension 'ignore'
[1.334s] Level 1:colcon.colcon_core.package_identification:_identify(eyes_img/sad/right) by extension 'ignore_ament_install'
[1.335s] Level 1:colcon.colcon_core.package_identification:_identify(eyes_img/sad/right) by extensions ['colcon_pkg']
[1.335s] Level 1:colcon.colcon_core.package_identification:_identify(eyes_img/sad/right) by extension 'colcon_pkg'
[1.335s] Level 1:colcon.colcon_core.package_identification:_identify(eyes_img/sad/right) by extensions ['colcon_meta']
[1.335s] Level 1:colcon.colcon_core.package_identification:_identify(eyes_img/sad/right) by extension 'colcon_meta'
[1.335s] Level 1:colcon.colcon_core.package_identification:_identify(eyes_img/sad/right) by extensions ['ros']
[1.335s] Level 1:colcon.colcon_core.package_identification:_identify(eyes_img/sad/right) by extension 'ros'
[1.336s] Level 1:colcon.colcon_core.package_identification:_identify(eyes_img/sad/right) by extensions ['cmake', 'python']
[1.336s] Level 1:colcon.colcon_core.package_identification:_identify(eyes_img/sad/right) by extension 'cmake'
[1.336s] Level 1:colcon.colcon_core.package_identification:_identify(eyes_img/sad/right) by extension 'python'
[1.336s] Level 1:colcon.colcon_core.package_identification:_identify(eyes_img/sad/right) by extensions ['python_setup_py']
[1.336s] Level 1:colcon.colcon_core.package_identification:_identify(eyes_img/sad/right) by extension 'python_setup_py'
[1.337s] Level 1:colcon.colcon_core.package_identification:_identify(eyes_img/scared) by extensions ['ignore', 'ignore_ament_install']
[1.337s] Level 1:colcon.colcon_core.package_identification:_identify(eyes_img/scared) by extension 'ignore'
[1.337s] Level 1:colcon.colcon_core.package_identification:_identify(eyes_img/scared) by extension 'ignore_ament_install'
[1.338s] Level 1:colcon.colcon_core.package_identification:_identify(eyes_img/scared) by extensions ['colcon_pkg']
[1.338s] Level 1:colcon.colcon_core.package_identification:_identify(eyes_img/scared) by extension 'colcon_pkg'
[1.338s] Level 1:colcon.colcon_core.package_identification:_identify(eyes_img/scared) by extensions ['colcon_meta']
[1.338s] Level 1:colcon.colcon_core.package_identification:_identify(eyes_img/scared) by extension 'colcon_meta'
[1.338s] Level 1:colcon.colcon_core.package_identification:_identify(eyes_img/scared) by extensions ['ros']
[1.338s] Level 1:colcon.colcon_core.package_identification:_identify(eyes_img/scared) by extension 'ros'
[1.339s] Level 1:colcon.colcon_core.package_identification:_identify(eyes_img/scared) by extensions ['cmake', 'python']
[1.339s] Level 1:colcon.colcon_core.package_identification:_identify(eyes_img/scared) by extension 'cmake'
[1.339s] Level 1:colcon.colcon_core.package_identification:_identify(eyes_img/scared) by extension 'python'
[1.339s] Level 1:colcon.colcon_core.package_identification:_identify(eyes_img/scared) by extensions ['python_setup_py']
[1.339s] Level 1:colcon.colcon_core.package_identification:_identify(eyes_img/scared) by extension 'python_setup_py'
[1.340s] Level 1:colcon.colcon_core.package_identification:_identify(eyes_img/scared/left) by extensions ['ignore', 'ignore_ament_install']
[1.340s] Level 1:colcon.colcon_core.package_identification:_identify(eyes_img/scared/left) by extension 'ignore'
[1.340s] Level 1:colcon.colcon_core.package_identification:_identify(eyes_img/scared/left) by extension 'ignore_ament_install'
[1.341s] Level 1:colcon.colcon_core.package_identification:_identify(eyes_img/scared/left) by extensions ['colcon_pkg']
[1.341s] Level 1:colcon.colcon_core.package_identification:_identify(eyes_img/scared/left) by extension 'colcon_pkg'
[1.341s] Level 1:colcon.colcon_core.package_identification:_identify(eyes_img/scared/left) by extensions ['colcon_meta']
[1.341s] Level 1:colcon.colcon_core.package_identification:_identify(eyes_img/scared/left) by extension 'colcon_meta'
[1.341s] Level 1:colcon.colcon_core.package_identification:_identify(eyes_img/scared/left) by extensions ['ros']
[1.341s] Level 1:colcon.colcon_core.package_identification:_identify(eyes_img/scared/left) by extension 'ros'
[1.342s] Level 1:colcon.colcon_core.package_identification:_identify(eyes_img/scared/left) by extensions ['cmake', 'python']
[1.342s] Level 1:colcon.colcon_core.package_identification:_identify(eyes_img/scared/left) by extension 'cmake'
[1.342s] Level 1:colcon.colcon_core.package_identification:_identify(eyes_img/scared/left) by extension 'python'
[1.342s] Level 1:colcon.colcon_core.package_identification:_identify(eyes_img/scared/left) by extensions ['python_setup_py']
[1.342s] Level 1:colcon.colcon_core.package_identification:_identify(eyes_img/scared/left) by extension 'python_setup_py'
[1.343s] Level 1:colcon.colcon_core.package_identification:_identify(eyes_img/scared/right) by extensions ['ignore', 'ignore_ament_install']
[1.343s] Level 1:colcon.colcon_core.package_identification:_identify(eyes_img/scared/right) by extension 'ignore'
[1.344s] Level 1:colcon.colcon_core.package_identification:_identify(eyes_img/scared/right) by extension 'ignore_ament_install'
[1.344s] Level 1:colcon.colcon_core.package_identification:_identify(eyes_img/scared/right) by extensions ['colcon_pkg']
[1.344s] Level 1:colcon.colcon_core.package_identification:_identify(eyes_img/scared/right) by extension 'colcon_pkg'
[1.344s] Level 1:colcon.colcon_core.package_identification:_identify(eyes_img/scared/right) by extensions ['colcon_meta']
[1.344s] Level 1:colcon.colcon_core.package_identification:_identify(eyes_img/scared/right) by extension 'colcon_meta'
[1.344s] Level 1:colcon.colcon_core.package_identification:_identify(eyes_img/scared/right) by extensions ['ros']
[1.345s] Level 1:colcon.colcon_core.package_identification:_identify(eyes_img/scared/right) by extension 'ros'
[1.345s] Level 1:colcon.colcon_core.package_identification:_identify(eyes_img/scared/right) by extensions ['cmake', 'python']
[1.345s] Level 1:colcon.colcon_core.package_identification:_identify(eyes_img/scared/right) by extension 'cmake'
[1.345s] Level 1:colcon.colcon_core.package_identification:_identify(eyes_img/scared/right) by extension 'python'
[1.346s] Level 1:colcon.colcon_core.package_identification:_identify(eyes_img/scared/right) by extensions ['python_setup_py']
[1.346s] Level 1:colcon.colcon_core.package_identification:_identify(eyes_img/scared/right) by extension 'python_setup_py'
[1.346s] Level 1:colcon.colcon_core.package_identification:_identify(eyes_img/sleepy) by extensions ['ignore', 'ignore_ament_install']
[1.347s] Level 1:colcon.colcon_core.package_identification:_identify(eyes_img/sleepy) by extension 'ignore'
[1.347s] Level 1:colcon.colcon_core.package_identification:_identify(eyes_img/sleepy) by extension 'ignore_ament_install'
[1.348s] Level 1:colcon.colcon_core.package_identification:_identify(eyes_img/sleepy) by extensions ['colcon_pkg']
[1.348s] Level 1:colcon.colcon_core.package_identification:_identify(eyes_img/sleepy) by extension 'colcon_pkg'
[1.348s] Level 1:colcon.colcon_core.package_identification:_identify(eyes_img/sleepy) by extensions ['colcon_meta']
[1.348s] Level 1:colcon.colcon_core.package_identification:_identify(eyes_img/sleepy) by extension 'colcon_meta'
[1.348s] Level 1:colcon.colcon_core.package_identification:_identify(eyes_img/sleepy) by extensions ['ros']
[1.348s] Level 1:colcon.colcon_core.package_identification:_identify(eyes_img/sleepy) by extension 'ros'
[1.349s] Level 1:colcon.colcon_core.package_identification:_identify(eyes_img/sleepy) by extensions ['cmake', 'python']
[1.349s] Level 1:colcon.colcon_core.package_identification:_identify(eyes_img/sleepy) by extension 'cmake'
[1.349s] Level 1:colcon.colcon_core.package_identification:_identify(eyes_img/sleepy) by extension 'python'
[1.349s] Level 1:colcon.colcon_core.package_identification:_identify(eyes_img/sleepy) by extensions ['python_setup_py']
[1.350s] Level 1:colcon.colcon_core.package_identification:_identify(eyes_img/sleepy) by extension 'python_setup_py'
[1.350s] Level 1:colcon.colcon_core.package_identification:_identify(eyes_img/sleepy/left) by extensions ['ignore', 'ignore_ament_install']
[1.351s] Level 1:colcon.colcon_core.package_identification:_identify(eyes_img/sleepy/left) by extension 'ignore'
[1.351s] Level 1:colcon.colcon_core.package_identification:_identify(eyes_img/sleepy/left) by extension 'ignore_ament_install'
[1.351s] Level 1:colcon.colcon_core.package_identification:_identify(eyes_img/sleepy/left) by extensions ['colcon_pkg']
[1.351s] Level 1:colcon.colcon_core.package_identification:_identify(eyes_img/sleepy/left) by extension 'colcon_pkg'
[1.351s] Level 1:colcon.colcon_core.package_identification:_identify(eyes_img/sleepy/left) by extensions ['colcon_meta']
[1.352s] Level 1:colcon.colcon_core.package_identification:_identify(eyes_img/sleepy/left) by extension 'colcon_meta'
[1.352s] Level 1:colcon.colcon_core.package_identification:_identify(eyes_img/sleepy/left) by extensions ['ros']
[1.352s] Level 1:colcon.colcon_core.package_identification:_identify(eyes_img/sleepy/left) by extension 'ros'
[1.352s] Level 1:colcon.colcon_core.package_identification:_identify(eyes_img/sleepy/left) by extensions ['cmake', 'python']
[1.352s] Level 1:colcon.colcon_core.package_identification:_identify(eyes_img/sleepy/left) by extension 'cmake'
[1.353s] Level 1:colcon.colcon_core.package_identification:_identify(eyes_img/sleepy/left) by extension 'python'
[1.353s] Level 1:colcon.colcon_core.package_identification:_identify(eyes_img/sleepy/left) by extensions ['python_setup_py']
[1.353s] Level 1:colcon.colcon_core.package_identification:_identify(eyes_img/sleepy/left) by extension 'python_setup_py'
[1.354s] Level 1:colcon.colcon_core.package_identification:_identify(eyes_img/sleepy/right) by extensions ['ignore', 'ignore_ament_install']
[1.354s] Level 1:colcon.colcon_core.package_identification:_identify(eyes_img/sleepy/right) by extension 'ignore'
[1.354s] Level 1:colcon.colcon_core.package_identification:_identify(eyes_img/sleepy/right) by extension 'ignore_ament_install'
[1.355s] Level 1:colcon.colcon_core.package_identification:_identify(eyes_img/sleepy/right) by extensions ['colcon_pkg']
[1.355s] Level 1:colcon.colcon_core.package_identification:_identify(eyes_img/sleepy/right) by extension 'colcon_pkg'
[1.355s] Level 1:colcon.colcon_core.package_identification:_identify(eyes_img/sleepy/right) by extensions ['colcon_meta']
[1.355s] Level 1:colcon.colcon_core.package_identification:_identify(eyes_img/sleepy/right) by extension 'colcon_meta'
[1.355s] Level 1:colcon.colcon_core.package_identification:_identify(eyes_img/sleepy/right) by extensions ['ros']
[1.355s] Level 1:colcon.colcon_core.package_identification:_identify(eyes_img/sleepy/right) by extension 'ros'
[1.356s] Level 1:colcon.colcon_core.package_identification:_identify(eyes_img/sleepy/right) by extensions ['cmake', 'python']
[1.356s] Level 1:colcon.colcon_core.package_identification:_identify(eyes_img/sleepy/right) by extension 'cmake'
[1.356s] Level 1:colcon.colcon_core.package_identification:_identify(eyes_img/sleepy/right) by extension 'python'
[1.356s] Level 1:colcon.colcon_core.package_identification:_identify(eyes_img/sleepy/right) by extensions ['python_setup_py']
[1.356s] Level 1:colcon.colcon_core.package_identification:_identify(eyes_img/sleepy/right) by extension 'python_setup_py'
[1.357s] Level 1:colcon.colcon_core.package_identification:_identify(eyes_img/surprised) by extensions ['ignore', 'ignore_ament_install']
[1.357s] Level 1:colcon.colcon_core.package_identification:_identify(eyes_img/surprised) by extension 'ignore'
[1.357s] Level 1:colcon.colcon_core.package_identification:_identify(eyes_img/surprised) by extension 'ignore_ament_install'
[1.358s] Level 1:colcon.colcon_core.package_identification:_identify(eyes_img/surprised) by extensions ['colcon_pkg']
[1.358s] Level 1:colcon.colcon_core.package_identification:_identify(eyes_img/surprised) by extension 'colcon_pkg'
[1.358s] Level 1:colcon.colcon_core.package_identification:_identify(eyes_img/surprised) by extensions ['colcon_meta']
[1.358s] Level 1:colcon.colcon_core.package_identification:_identify(eyes_img/surprised) by extension 'colcon_meta'
[1.358s] Level 1:colcon.colcon_core.package_identification:_identify(eyes_img/surprised) by extensions ['ros']
[1.358s] Level 1:colcon.colcon_core.package_identification:_identify(eyes_img/surprised) by extension 'ros'
[1.359s] Level 1:colcon.colcon_core.package_identification:_identify(eyes_img/surprised) by extensions ['cmake', 'python']
[1.359s] Level 1:colcon.colcon_core.package_identification:_identify(eyes_img/surprised) by extension 'cmake'
[1.359s] Level 1:colcon.colcon_core.package_identification:_identify(eyes_img/surprised) by extension 'python'
[1.359s] Level 1:colcon.colcon_core.package_identification:_identify(eyes_img/surprised) by extensions ['python_setup_py']
[1.359s] Level 1:colcon.colcon_core.package_identification:_identify(eyes_img/surprised) by extension 'python_setup_py'
[1.360s] Level 1:colcon.colcon_core.package_identification:_identify(eyes_img/surprised/left) by extensions ['ignore', 'ignore_ament_install']
[1.360s] Level 1:colcon.colcon_core.package_identification:_identify(eyes_img/surprised/left) by extension 'ignore'
[1.361s] Level 1:colcon.colcon_core.package_identification:_identify(eyes_img/surprised/left) by extension 'ignore_ament_install'
[1.361s] Level 1:colcon.colcon_core.package_identification:_identify(eyes_img/surprised/left) by extensions ['colcon_pkg']
[1.361s] Level 1:colcon.colcon_core.package_identification:_identify(eyes_img/surprised/left) by extension 'colcon_pkg'
[1.361s] Level 1:colcon.colcon_core.package_identification:_identify(eyes_img/surprised/left) by extensions ['colcon_meta']
[1.361s] Level 1:colcon.colcon_core.package_identification:_identify(eyes_img/surprised/left) by extension 'colcon_meta'
[1.362s] Level 1:colcon.colcon_core.package_identification:_identify(eyes_img/surprised/left) by extensions ['ros']
[1.362s] Level 1:colcon.colcon_core.package_identification:_identify(eyes_img/surprised/left) by extension 'ros'
[1.362s] Level 1:colcon.colcon_core.package_identification:_identify(eyes_img/surprised/left) by extensions ['cmake', 'python']
[1.362s] Level 1:colcon.colcon_core.package_identification:_identify(eyes_img/surprised/left) by extension 'cmake'
[1.363s] Level 1:colcon.colcon_core.package_identification:_identify(eyes_img/surprised/left) by extension 'python'
[1.363s] Level 1:colcon.colcon_core.package_identification:_identify(eyes_img/surprised/left) by extensions ['python_setup_py']
[1.363s] Level 1:colcon.colcon_core.package_identification:_identify(eyes_img/surprised/left) by extension 'python_setup_py'
[1.364s] Level 1:colcon.colcon_core.package_identification:_identify(eyes_img/surprised/right) by extensions ['ignore', 'ignore_ament_install']
[1.364s] Level 1:colcon.colcon_core.package_identification:_identify(eyes_img/surprised/right) by extension 'ignore'
[1.364s] Level 1:colcon.colcon_core.package_identification:_identify(eyes_img/surprised/right) by extension 'ignore_ament_install'
[1.365s] Level 1:colcon.colcon_core.package_identification:_identify(eyes_img/surprised/right) by extensions ['colcon_pkg']
[1.365s] Level 1:colcon.colcon_core.package_identification:_identify(eyes_img/surprised/right) by extension 'colcon_pkg'
[1.365s] Level 1:colcon.colcon_core.package_identification:_identify(eyes_img/surprised/right) by extensions ['colcon_meta']
[1.365s] Level 1:colcon.colcon_core.package_identification:_identify(eyes_img/surprised/right) by extension 'colcon_meta'
[1.366s] Level 1:colcon.colcon_core.package_identification:_identify(eyes_img/surprised/right) by extensions ['ros']
[1.366s] Level 1:colcon.colcon_core.package_identification:_identify(eyes_img/surprised/right) by extension 'ros'
[1.366s] Level 1:colcon.colcon_core.package_identification:_identify(eyes_img/surprised/right) by extensions ['cmake', 'python']
[1.366s] Level 1:colcon.colcon_core.package_identification:_identify(eyes_img/surprised/right) by extension 'cmake'
[1.367s] Level 1:colcon.colcon_core.package_identification:_identify(eyes_img/surprised/right) by extension 'python'
[1.367s] Level 1:colcon.colcon_core.package_identification:_identify(eyes_img/surprised/right) by extensions ['python_setup_py']
[1.367s] Level 1:colcon.colcon_core.package_identification:_identify(eyes_img/surprised/right) by extension 'python_setup_py'
[1.368s] Level 1:colcon.colcon_core.package_identification:_identify(eyes_img/transitions) by extensions ['ignore', 'ignore_ament_install']
[1.368s] Level 1:colcon.colcon_core.package_identification:_identify(eyes_img/transitions) by extension 'ignore'
[1.368s] Level 1:colcon.colcon_core.package_identification:_identify(eyes_img/transitions) by extension 'ignore_ament_install'
[1.369s] Level 1:colcon.colcon_core.package_identification:_identify(eyes_img/transitions) by extensions ['colcon_pkg']
[1.369s] Level 1:colcon.colcon_core.package_identification:_identify(eyes_img/transitions) by extension 'colcon_pkg'
[1.369s] Level 1:colcon.colcon_core.package_identification:_identify(eyes_img/transitions) by extensions ['colcon_meta']
[1.369s] Level 1:colcon.colcon_core.package_identification:_identify(eyes_img/transitions) by extension 'colcon_meta'
[1.369s] Level 1:colcon.colcon_core.package_identification:_identify(eyes_img/transitions) by extensions ['ros']
[1.369s] Level 1:colcon.colcon_core.package_identification:_identify(eyes_img/transitions) by extension 'ros'
[1.370s] Level 1:colcon.colcon_core.package_identification:_identify(eyes_img/transitions) by extensions ['cmake', 'python']
[1.370s] Level 1:colcon.colcon_core.package_identification:_identify(eyes_img/transitions) by extension 'cmake'
[1.370s] Level 1:colcon.colcon_core.package_identification:_identify(eyes_img/transitions) by extension 'python'
[1.371s] Level 1:colcon.colcon_core.package_identification:_identify(eyes_img/transitions) by extensions ['python_setup_py']
[1.371s] Level 1:colcon.colcon_core.package_identification:_identify(eyes_img/transitions) by extension 'python_setup_py'
[1.371s] Level 1:colcon.colcon_core.package_identification:_identify(eyes_img/transitions/default_to_patrol) by extensions ['ignore', 'ignore_ament_install']
[1.372s] Level 1:colcon.colcon_core.package_identification:_identify(eyes_img/transitions/default_to_patrol) by extension 'ignore'
[1.372s] Level 1:colcon.colcon_core.package_identification:_identify(eyes_img/transitions/default_to_patrol) by extension 'ignore_ament_install'
[1.373s] Level 1:colcon.colcon_core.package_identification:_identify(eyes_img/transitions/default_to_patrol) by extensions ['colcon_pkg']
[1.373s] Level 1:colcon.colcon_core.package_identification:_identify(eyes_img/transitions/default_to_patrol) by extension 'colcon_pkg'
[1.374s] Level 1:colcon.colcon_core.package_identification:_identify(eyes_img/transitions/default_to_patrol) by extensions ['colcon_meta']
[1.374s] Level 1:colcon.colcon_core.package_identification:_identify(eyes_img/transitions/default_to_patrol) by extension 'colcon_meta'
[1.374s] Level 1:colcon.colcon_core.package_identification:_identify(eyes_img/transitions/default_to_patrol) by extensions ['ros']
[1.374s] Level 1:colcon.colcon_core.package_identification:_identify(eyes_img/transitions/default_to_patrol) by extension 'ros'
[1.375s] Level 1:colcon.colcon_core.package_identification:_identify(eyes_img/transitions/default_to_patrol) by extensions ['cmake', 'python']
[1.375s] Level 1:colcon.colcon_core.package_identification:_identify(eyes_img/transitions/default_to_patrol) by extension 'cmake'
[1.376s] Level 1:colcon.colcon_core.package_identification:_identify(eyes_img/transitions/default_to_patrol) by extension 'python'
[1.376s] Level 1:colcon.colcon_core.package_identification:_identify(eyes_img/transitions/default_to_patrol) by extensions ['python_setup_py']
[1.376s] Level 1:colcon.colcon_core.package_identification:_identify(eyes_img/transitions/default_to_patrol) by extension 'python_setup_py'
[1.377s] Level 1:colcon.colcon_core.package_identification:_identify(eyes_img/transitions/default_to_patrol/left) by extensions ['ignore', 'ignore_ament_install']
[1.378s] Level 1:colcon.colcon_core.package_identification:_identify(eyes_img/transitions/default_to_patrol/left) by extension 'ignore'
[1.378s] Level 1:colcon.colcon_core.package_identification:_identify(eyes_img/transitions/default_to_patrol/left) by extension 'ignore_ament_install'
[1.379s] Level 1:colcon.colcon_core.package_identification:_identify(eyes_img/transitions/default_to_patrol/left) by extensions ['colcon_pkg']
[1.379s] Level 1:colcon.colcon_core.package_identification:_identify(eyes_img/transitions/default_to_patrol/left) by extension 'colcon_pkg'
[1.379s] Level 1:colcon.colcon_core.package_identification:_identify(eyes_img/transitions/default_to_patrol/left) by extensions ['colcon_meta']
[1.379s] Level 1:colcon.colcon_core.package_identification:_identify(eyes_img/transitions/default_to_patrol/left) by extension 'colcon_meta'
[1.379s] Level 1:colcon.colcon_core.package_identification:_identify(eyes_img/transitions/default_to_patrol/left) by extensions ['ros']
[1.380s] Level 1:colcon.colcon_core.package_identification:_identify(eyes_img/transitions/default_to_patrol/left) by extension 'ros'
[1.380s] Level 1:colcon.colcon_core.package_identification:_identify(eyes_img/transitions/default_to_patrol/left) by extensions ['cmake', 'python']
[1.380s] Level 1:colcon.colcon_core.package_identification:_identify(eyes_img/transitions/default_to_patrol/left) by extension 'cmake'
[1.381s] Level 1:colcon.colcon_core.package_identification:_identify(eyes_img/transitions/default_to_patrol/left) by extension 'python'
[1.381s] Level 1:colcon.colcon_core.package_identification:_identify(eyes_img/transitions/default_to_patrol/left) by extensions ['python_setup_py']
[1.381s] Level 1:colcon.colcon_core.package_identification:_identify(eyes_img/transitions/default_to_patrol/left) by extension 'python_setup_py'
[1.382s] Level 1:colcon.colcon_core.package_identification:_identify(eyes_img/transitions/default_to_patrol/right) by extensions ['ignore', 'ignore_ament_install']
[1.382s] Level 1:colcon.colcon_core.package_identification:_identify(eyes_img/transitions/default_to_patrol/right) by extension 'ignore'
[1.382s] Level 1:colcon.colcon_core.package_identification:_identify(eyes_img/transitions/default_to_patrol/right) by extension 'ignore_ament_install'
[1.383s] Level 1:colcon.colcon_core.package_identification:_identify(eyes_img/transitions/default_to_patrol/right) by extensions ['colcon_pkg']
[1.383s] Level 1:colcon.colcon_core.package_identification:_identify(eyes_img/transitions/default_to_patrol/right) by extension 'colcon_pkg'
[1.383s] Level 1:colcon.colcon_core.package_identification:_identify(eyes_img/transitions/default_to_patrol/right) by extensions ['colcon_meta']
[1.383s] Level 1:colcon.colcon_core.package_identification:_identify(eyes_img/transitions/default_to_patrol/right) by extension 'colcon_meta'
[1.383s] Level 1:colcon.colcon_core.package_identification:_identify(eyes_img/transitions/default_to_patrol/right) by extensions ['ros']
[1.384s] Level 1:colcon.colcon_core.package_identification:_identify(eyes_img/transitions/default_to_patrol/right) by extension 'ros'
[1.384s] Level 1:colcon.colcon_core.package_identification:_identify(eyes_img/transitions/default_to_patrol/right) by extensions ['cmake', 'python']
[1.384s] Level 1:colcon.colcon_core.package_identification:_identify(eyes_img/transitions/default_to_patrol/right) by extension 'cmake'
[1.384s] Level 1:colcon.colcon_core.package_identification:_identify(eyes_img/transitions/default_to_patrol/right) by extension 'python'
[1.384s] Level 1:colcon.colcon_core.package_identification:_identify(eyes_img/transitions/default_to_patrol/right) by extensions ['python_setup_py']
[1.385s] Level 1:colcon.colcon_core.package_identification:_identify(eyes_img/transitions/default_to_patrol/right) by extension 'python_setup_py'
[1.385s] Level 1:colcon.colcon_core.package_identification:_identify(eyes_img/transitions/left) by extensions ['ignore', 'ignore_ament_install']
[1.385s] Level 1:colcon.colcon_core.package_identification:_identify(eyes_img/transitions/left) by extension 'ignore'
[1.386s] Level 1:colcon.colcon_core.package_identification:_identify(eyes_img/transitions/left) by extension 'ignore_ament_install'
[1.386s] Level 1:colcon.colcon_core.package_identification:_identify(eyes_img/transitions/left) by extensions ['colcon_pkg']
[1.386s] Level 1:colcon.colcon_core.package_identification:_identify(eyes_img/transitions/left) by extension 'colcon_pkg'
[1.386s] Level 1:colcon.colcon_core.package_identification:_identify(eyes_img/transitions/left) by extensions ['colcon_meta']
[1.386s] Level 1:colcon.colcon_core.package_identification:_identify(eyes_img/transitions/left) by extension 'colcon_meta'
[1.386s] Level 1:colcon.colcon_core.package_identification:_identify(eyes_img/transitions/left) by extensions ['ros']
[1.387s] Level 1:colcon.colcon_core.package_identification:_identify(eyes_img/transitions/left) by extension 'ros'
[1.387s] Level 1:colcon.colcon_core.package_identification:_identify(eyes_img/transitions/left) by extensions ['cmake', 'python']
[1.387s] Level 1:colcon.colcon_core.package_identification:_identify(eyes_img/transitions/left) by extension 'cmake'
[1.387s] Level 1:colcon.colcon_core.package_identification:_identify(eyes_img/transitions/left) by extension 'python'
[1.387s] Level 1:colcon.colcon_core.package_identification:_identify(eyes_img/transitions/left) by extensions ['python_setup_py']
[1.387s] Level 1:colcon.colcon_core.package_identification:_identify(eyes_img/transitions/left) by extension 'python_setup_py'
[1.388s] Level 1:colcon.colcon_core.package_identification:_identify(eyes_img/transitions/patrol_to_default) by extensions ['ignore', 'ignore_ament_install']
[1.388s] Level 1:colcon.colcon_core.package_identification:_identify(eyes_img/transitions/patrol_to_default) by extension 'ignore'
[1.388s] Level 1:colcon.colcon_core.package_identification:_identify(eyes_img/transitions/patrol_to_default) by extension 'ignore_ament_install'
[1.389s] Level 1:colcon.colcon_core.package_identification:_identify(eyes_img/transitions/patrol_to_default) by extensions ['colcon_pkg']
[1.389s] Level 1:colcon.colcon_core.package_identification:_identify(eyes_img/transitions/patrol_to_default) by extension 'colcon_pkg'
[1.389s] Level 1:colcon.colcon_core.package_identification:_identify(eyes_img/transitions/patrol_to_default) by extensions ['colcon_meta']
[1.389s] Level 1:colcon.colcon_core.package_identification:_identify(eyes_img/transitions/patrol_to_default) by extension 'colcon_meta'
[1.389s] Level 1:colcon.colcon_core.package_identification:_identify(eyes_img/transitions/patrol_to_default) by extensions ['ros']
[1.389s] Level 1:colcon.colcon_core.package_identification:_identify(eyes_img/transitions/patrol_to_default) by extension 'ros'
[1.390s] Level 1:colcon.colcon_core.package_identification:_identify(eyes_img/transitions/patrol_to_default) by extensions ['cmake', 'python']
[1.390s] Level 1:colcon.colcon_core.package_identification:_identify(eyes_img/transitions/patrol_to_default) by extension 'cmake'
[1.390s] Level 1:colcon.colcon_core.package_identification:_identify(eyes_img/transitions/patrol_to_default) by extension 'python'
[1.390s] Level 1:colcon.colcon_core.package_identification:_identify(eyes_img/transitions/patrol_to_default) by extensions ['python_setup_py']
[1.390s] Level 1:colcon.colcon_core.package_identification:_identify(eyes_img/transitions/patrol_to_default) by extension 'python_setup_py'
[1.391s] Level 1:colcon.colcon_core.package_identification:_identify(eyes_img/transitions/patrol_to_default/left) by extensions ['ignore', 'ignore_ament_install']
[1.391s] Level 1:colcon.colcon_core.package_identification:_identify(eyes_img/transitions/patrol_to_default/left) by extension 'ignore'
[1.391s] Level 1:colcon.colcon_core.package_identification:_identify(eyes_img/transitions/patrol_to_default/left) by extension 'ignore_ament_install'
[1.392s] Level 1:colcon.colcon_core.package_identification:_identify(eyes_img/transitions/patrol_to_default/left) by extensions ['colcon_pkg']
[1.392s] Level 1:colcon.colcon_core.package_identification:_identify(eyes_img/transitions/patrol_to_default/left) by extension 'colcon_pkg'
[1.392s] Level 1:colcon.colcon_core.package_identification:_identify(eyes_img/transitions/patrol_to_default/left) by extensions ['colcon_meta']
[1.392s] Level 1:colcon.colcon_core.package_identification:_identify(eyes_img/transitions/patrol_to_default/left) by extension 'colcon_meta'
[1.392s] Level 1:colcon.colcon_core.package_identification:_identify(eyes_img/transitions/patrol_to_default/left) by extensions ['ros']
[1.392s] Level 1:colcon.colcon_core.package_identification:_identify(eyes_img/transitions/patrol_to_default/left) by extension 'ros'
[1.393s] Level 1:colcon.colcon_core.package_identification:_identify(eyes_img/transitions/patrol_to_default/left) by extensions ['cmake', 'python']
[1.393s] Level 1:colcon.colcon_core.package_identification:_identify(eyes_img/transitions/patrol_to_default/left) by extension 'cmake'
[1.393s] Level 1:colcon.colcon_core.package_identification:_identify(eyes_img/transitions/patrol_to_default/left) by extension 'python'
[1.393s] Level 1:colcon.colcon_core.package_identification:_identify(eyes_img/transitions/patrol_to_default/left) by extensions ['python_setup_py']
[1.393s] Level 1:colcon.colcon_core.package_identification:_identify(eyes_img/transitions/patrol_to_default/left) by extension 'python_setup_py'
[1.394s] Level 1:colcon.colcon_core.package_identification:_identify(eyes_img/transitions/patrol_to_default/right) by extensions ['ignore', 'ignore_ament_install']
[1.394s] Level 1:colcon.colcon_core.package_identification:_identify(eyes_img/transitions/patrol_to_default/right) by extension 'ignore'
[1.395s] Level 1:colcon.colcon_core.package_identification:_identify(eyes_img/transitions/patrol_to_default/right) by extension 'ignore_ament_install'
[1.395s] Level 1:colcon.colcon_core.package_identification:_identify(eyes_img/transitions/patrol_to_default/right) by extensions ['colcon_pkg']
[1.395s] Level 1:colcon.colcon_core.package_identification:_identify(eyes_img/transitions/patrol_to_default/right) by extension 'colcon_pkg'
[1.395s] Level 1:colcon.colcon_core.package_identification:_identify(eyes_img/transitions/patrol_to_default/right) by extensions ['colcon_meta']
[1.395s] Level 1:colcon.colcon_core.package_identification:_identify(eyes_img/transitions/patrol_to_default/right) by extension 'colcon_meta'
[1.396s] Level 1:colcon.colcon_core.package_identification:_identify(eyes_img/transitions/patrol_to_default/right) by extensions ['ros']
[1.396s] Level 1:colcon.colcon_core.package_identification:_identify(eyes_img/transitions/patrol_to_default/right) by extension 'ros'
[1.396s] Level 1:colcon.colcon_core.package_identification:_identify(eyes_img/transitions/patrol_to_default/right) by extensions ['cmake', 'python']
[1.396s] Level 1:colcon.colcon_core.package_identification:_identify(eyes_img/transitions/patrol_to_default/right) by extension 'cmake'
[1.397s] Level 1:colcon.colcon_core.package_identification:_identify(eyes_img/transitions/patrol_to_default/right) by extension 'python'
[1.397s] Level 1:colcon.colcon_core.package_identification:_identify(eyes_img/transitions/patrol_to_default/right) by extensions ['python_setup_py']
[1.397s] Level 1:colcon.colcon_core.package_identification:_identify(eyes_img/transitions/patrol_to_default/right) by extension 'python_setup_py'
[1.398s] Level 1:colcon.colcon_core.package_identification:_identify(eyes_img/transitions/right) by extensions ['ignore', 'ignore_ament_install']
[1.398s] Level 1:colcon.colcon_core.package_identification:_identify(eyes_img/transitions/right) by extension 'ignore'
[1.398s] Level 1:colcon.colcon_core.package_identification:_identify(eyes_img/transitions/right) by extension 'ignore_ament_install'
[1.398s] Level 1:colcon.colcon_core.package_identification:_identify(eyes_img/transitions/right) by extensions ['colcon_pkg']
[1.399s] Level 1:colcon.colcon_core.package_identification:_identify(eyes_img/transitions/right) by extension 'colcon_pkg'
[1.399s] Level 1:colcon.colcon_core.package_identification:_identify(eyes_img/transitions/right) by extensions ['colcon_meta']
[1.399s] Level 1:colcon.colcon_core.package_identification:_identify(eyes_img/transitions/right) by extension 'colcon_meta'
[1.399s] Level 1:colcon.colcon_core.package_identification:_identify(eyes_img/transitions/right) by extensions ['ros']
[1.399s] Level 1:colcon.colcon_core.package_identification:_identify(eyes_img/transitions/right) by extension 'ros'
[1.400s] Level 1:colcon.colcon_core.package_identification:_identify(eyes_img/transitions/right) by extensions ['cmake', 'python']
[1.400s] Level 1:colcon.colcon_core.package_identification:_identify(eyes_img/transitions/right) by extension 'cmake'
[1.400s] Level 1:colcon.colcon_core.package_identification:_identify(eyes_img/transitions/right) by extension 'python'
[1.400s] Level 1:colcon.colcon_core.package_identification:_identify(eyes_img/transitions/right) by extensions ['python_setup_py']
[1.400s] Level 1:colcon.colcon_core.package_identification:_identify(eyes_img/transitions/right) by extension 'python_setup_py'
[1.400s] Level 1:colcon.colcon_core.package_identification:_identify(fonts) by extensions ['ignore', 'ignore_ament_install']
[1.401s] Level 1:colcon.colcon_core.package_identification:_identify(fonts) by extension 'ignore'
[1.401s] Level 1:colcon.colcon_core.package_identification:_identify(fonts) by extension 'ignore_ament_install'
[1.401s] Level 1:colcon.colcon_core.package_identification:_identify(fonts) by extensions ['colcon_pkg']
[1.401s] Level 1:colcon.colcon_core.package_identification:_identify(fonts) by extension 'colcon_pkg'
[1.401s] Level 1:colcon.colcon_core.package_identification:_identify(fonts) by extensions ['colcon_meta']
[1.402s] Level 1:colcon.colcon_core.package_identification:_identify(fonts) by extension 'colcon_meta'
[1.402s] Level 1:colcon.colcon_core.package_identification:_identify(fonts) by extensions ['ros']
[1.402s] Level 1:colcon.colcon_core.package_identification:_identify(fonts) by extension 'ros'
[1.402s] Level 1:colcon.colcon_core.package_identification:_identify(fonts) by extensions ['cmake', 'python']
[1.402s] Level 1:colcon.colcon_core.package_identification:_identify(fonts) by extension 'cmake'
[1.402s] Level 1:colcon.colcon_core.package_identification:_identify(fonts) by extension 'python'
[1.403s] Level 1:colcon.colcon_core.package_identification:_identify(fonts) by extensions ['python_setup_py']
[1.403s] Level 1:colcon.colcon_core.package_identification:_identify(fonts) by extension 'python_setup_py'
[1.403s] Level 1:colcon.colcon_core.package_identification:_identify(install) by extensions ['ignore', 'ignore_ament_install']
[1.403s] Level 1:colcon.colcon_core.package_identification:_identify(install) by extension 'ignore'
[1.404s] Level 1:colcon.colcon_core.package_identification:_identify(install) ignored
[1.404s] Level 1:colcon.colcon_core.package_identification:_identify(log) by extensions ['ignore', 'ignore_ament_install']
[1.404s] Level 1:colcon.colcon_core.package_identification:_identify(log) by extension 'ignore'
[1.405s] Level 1:colcon.colcon_core.package_identification:_identify(log) ignored
[1.405s] Level 1:colcon.colcon_core.package_identification:_identify(sounds) by extensions ['ignore', 'ignore_ament_install']
[1.405s] Level 1:colcon.colcon_core.package_identification:_identify(sounds) by extension 'ignore'
[1.405s] Level 1:colcon.colcon_core.package_identification:_identify(sounds) by extension 'ignore_ament_install'
[1.406s] Level 1:colcon.colcon_core.package_identification:_identify(sounds) by extensions ['colcon_pkg']
[1.406s] Level 1:colcon.colcon_core.package_identification:_identify(sounds) by extension 'colcon_pkg'
[1.406s] Level 1:colcon.colcon_core.package_identification:_identify(sounds) by extensions ['colcon_meta']
[1.406s] Level 1:colcon.colcon_core.package_identification:_identify(sounds) by extension 'colcon_meta'
[1.406s] Level 1:colcon.colcon_core.package_identification:_identify(sounds) by extensions ['ros']
[1.406s] Level 1:colcon.colcon_core.package_identification:_identify(sounds) by extension 'ros'
[1.407s] Level 1:colcon.colcon_core.package_identification:_identify(sounds) by extensions ['cmake', 'python']
[1.407s] Level 1:colcon.colcon_core.package_identification:_identify(sounds) by extension 'cmake'
[1.407s] Level 1:colcon.colcon_core.package_identification:_identify(sounds) by extension 'python'
[1.407s] Level 1:colcon.colcon_core.package_identification:_identify(sounds) by extensions ['python_setup_py']
[1.407s] Level 1:colcon.colcon_core.package_identification:_identify(sounds) by extension 'python_setup_py'
[1.408s] Level 1:colcon.colcon_core.package_identification:_identify(sounds/old) by extensions ['ignore', 'ignore_ament_install']
[1.408s] Level 1:colcon.colcon_core.package_identification:_identify(sounds/old) by extension 'ignore'
[1.408s] Level 1:colcon.colcon_core.package_identification:_identify(sounds/old) by extension 'ignore_ament_install'
[1.409s] Level 1:colcon.colcon_core.package_identification:_identify(sounds/old) by extensions ['colcon_pkg']
[1.409s] Level 1:colcon.colcon_core.package_identification:_identify(sounds/old) by extension 'colcon_pkg'
[1.409s] Level 1:colcon.colcon_core.package_identification:_identify(sounds/old) by extensions ['colcon_meta']
[1.409s] Level 1:colcon.colcon_core.package_identification:_identify(sounds/old) by extension 'colcon_meta'
[1.409s] Level 1:colcon.colcon_core.package_identification:_identify(sounds/old) by extensions ['ros']
[1.409s] Level 1:colcon.colcon_core.package_identification:_identify(sounds/old) by extension 'ros'
[1.410s] Level 1:colcon.colcon_core.package_identification:_identify(sounds/old) by extensions ['cmake', 'python']
[1.410s] Level 1:colcon.colcon_core.package_identification:_identify(sounds/old) by extension 'cmake'
[1.410s] Level 1:colcon.colcon_core.package_identification:_identify(sounds/old) by extension 'python'
[1.410s] Level 1:colcon.colcon_core.package_identification:_identify(sounds/old) by extensions ['python_setup_py']
[1.410s] Level 1:colcon.colcon_core.package_identification:_identify(sounds/old) by extension 'python_setup_py'
[1.411s] Level 1:colcon.colcon_core.package_identification:_identify(sounds_clean) by extensions ['ignore', 'ignore_ament_install']
[1.411s] Level 1:colcon.colcon_core.package_identification:_identify(sounds_clean) by extension 'ignore'
[1.411s] Level 1:colcon.colcon_core.package_identification:_identify(sounds_clean) by extension 'ignore_ament_install'
[1.412s] Level 1:colcon.colcon_core.package_identification:_identify(sounds_clean) by extensions ['colcon_pkg']
[1.412s] Level 1:colcon.colcon_core.package_identification:_identify(sounds_clean) by extension 'colcon_pkg'
[1.412s] Level 1:colcon.colcon_core.package_identification:_identify(sounds_clean) by extensions ['colcon_meta']
[1.412s] Level 1:colcon.colcon_core.package_identification:_identify(sounds_clean) by extension 'colcon_meta'
[1.412s] Level 1:colcon.colcon_core.package_identification:_identify(sounds_clean) by extensions ['ros']
[1.412s] Level 1:colcon.colcon_core.package_identification:_identify(sounds_clean) by extension 'ros'
[1.413s] Level 1:colcon.colcon_core.package_identification:_identify(sounds_clean) by extensions ['cmake', 'python']
[1.413s] Level 1:colcon.colcon_core.package_identification:_identify(sounds_clean) by extension 'cmake'
[1.413s] Level 1:colcon.colcon_core.package_identification:_identify(sounds_clean) by extension 'python'
[1.414s] Level 1:colcon.colcon_core.package_identification:_identify(sounds_clean) by extensions ['python_setup_py']
[1.414s] Level 1:colcon.colcon_core.package_identification:_identify(sounds_clean) by extension 'python_setup_py'
[1.414s] Level 1:colcon.colcon_core.package_discovery:discover_packages(recursive) using defaults
[1.414s] Level 1:colcon.colcon_core.package_discovery:discover_packages(ignore) discover
[1.414s] Level 1:colcon.colcon_core.package_discovery:discover_packages(ignore) using defaults
[1.414s] Level 1:colcon.colcon_core.package_discovery:discover_packages(path) discover
[1.415s] Level 1:colcon.colcon_core.package_discovery:discover_packages(path) using defaults
[1.415s] WARNING:colcon.colcon_core.package_selection:ignoring unknown package 'robocat_behavior' in --packages-select
[1.415s] WARNING:colcon.colcon_core.package_selection:ignoring unknown package 'robocat_bringup' in --packages-select
[1.526s] Level 1:colcon.colcon_core.package_discovery:discover_packages(prefix_path) check parameters
[1.527s] Level 1:colcon.colcon_core.package_discovery:discover_packages(prefix_path) discover
[1.548s] DEBUG:colcon.colcon_installed_package_information.package_discovery:Found 192 installed packages in /opt/ros/jazzy
[1.551s] Level 1:colcon.colcon_core.package_discovery:discover_packages(prefix_path) using defaults
[1.704s] INFO:colcon.colcon_core.executor:Executing jobs using 'parallel' executor
[1.710s] DEBUG:colcon.colcon_parallel_executor.executor.parallel:run_until_complete
[1.711s] DEBUG:colcon.colcon_parallel_executor.executor.parallel:closing loop
[1.711s] DEBUG:colcon.colcon_parallel_executor.executor.parallel:loop closed
[1.711s] DEBUG:colcon.colcon_parallel_executor.executor.parallel:run_until_complete finished with '0'
[1.712s] DEBUG:colcon.colcon_core.event_reactor:joining thread
[1.754s] INFO:colcon.colcon_core.plugin_system:Skipping extension 'colcon_notification.desktop_notification.notify_send': Could not find 'notify-send'
[1.754s] INFO:colcon.colcon_core.plugin_system:Skipping extension 'colcon_notification.desktop_notification.terminal_notifier': Not used on non-Darwin systems
[1.754s] INFO:colcon.colcon_core.plugin_system:Skipping extension 'colcon_notification.desktop_notification.win32': Not used on non-Windows systems
[1.754s] INFO:colcon.colcon_notification.desktop_notification:Sending desktop notification using 'notify2'
[1.758s] DEBUG:colcon.colcon_notification.desktop_notification.notify2:Failed to initialize notify2: org.freedesktop.DBus.Error.ServiceUnknown: The name org.freedesktop.Notifications was not provided by any .service files
[1.758s] DEBUG:colcon.colcon_core.event_reactor:joined thread
[1.781s] INFO:colcon.colcon_core.plugin_system:Skipping extension 'colcon_core.shell.bat': Not used on non-Windows systems
[1.783s] INFO:colcon.colcon_core.shell:Creating prefix script '/home/robocat-v2/robocat_ws/src/Robocat-ROS/robocat_hw/assets/install/local_setup.ps1'
[1.793s] INFO:colcon.colcon_core.shell:Creating prefix util module '/home/robocat-v2/robocat_ws/src/Robocat-ROS/robocat_hw/assets/install/_local_setup_util_ps1.py'
[1.800s] INFO:colcon.colcon_core.shell:Creating prefix chain script '/home/robocat-v2/robocat_ws/src/Robocat-ROS/robocat_hw/assets/install/setup.ps1'
[1.805s] INFO:colcon.colcon_core.shell:Creating prefix script '/home/robocat-v2/robocat_ws/src/Robocat-ROS/robocat_hw/assets/install/local_setup.sh'
[1.809s] INFO:colcon.colcon_core.shell:Creating prefix util module '/home/robocat-v2/robocat_ws/src/Robocat-ROS/robocat_hw/assets/install/_local_setup_util_sh.py'
[1.812s] INFO:colcon.colcon_core.shell:Creating prefix chain script '/home/robocat-v2/robocat_ws/src/Robocat-ROS/robocat_hw/assets/install/setup.sh'
[1.817s] INFO:colcon.colcon_core.shell:Creating prefix script '/home/robocat-v2/robocat_ws/src/Robocat-ROS/robocat_hw/assets/install/local_setup.bash'
[1.820s] INFO:colcon.colcon_core.shell:Creating prefix chain script '/home/robocat-v2/robocat_ws/src/Robocat-ROS/robocat_hw/assets/install/setup.bash'
[1.824s] INFO:colcon.colcon_core.shell:Creating prefix script '/home/robocat-v2/robocat_ws/src/Robocat-ROS/robocat_hw/assets/install/local_setup.zsh'
[1.828s] INFO:colcon.colcon_core.shell:Creating prefix chain script '/home/robocat-v2/robocat_ws/src/Robocat-ROS/robocat_hw/assets/install/setup.zsh'
